{
    "name": "John Doe",
    "role": "PhD",
    "avatar": "/assets/images/bio/John Doe.jpg",
    "alumni": false,
    "links": []
}