{
    "name": "John Doe",
    "role": "PhD",
    "avatar": "/assets/images/bio/John Doe.jpg",
    "alumni": false,
    "links": [
        {
            "label": "Twitter",
            "url": "https://twitter.com/McGill_NLP"
        },
        {
            "label": "Scholar",
            "url": "https://scholar.google.com/"
        }
    ],
    "note": "Allergic to reviewer 2",
    "new_role": "Professing at Leland S. Junior University"
}